[prium.github.io/nirvana/v2.0.0/index.html]
[backblue.gif]
[fade.gif]
[index.html]
[prium.github.io/nirvana/v2.0.0/assets/images/favicons/apple-touch-icon.png]
[prium.github.io/nirvana/v2.0.0/assets/images/favicons/favicon-32x32.png]
[prium.github.io/nirvana/v2.0.0/assets/images/favicons/favicon-16x16.png]
[prium.github.io/nirvana/v2.0.0/assets/images/favicons/favicon.ico]
[prium.github.io/nirvana/v2.0.0/assets/images/favicons/manifest.json]
[prium.github.io/nirvana/v2.0.0/assets/images/favicons/mstile-150x150.png]
[prium.github.io/nirvana/v2.0.0/vendors/loaders.css/loaders.min.css]
[prium.github.io/nirvana/v2.0.0/vendors/hamburgers/hamburgers.css]
[prium.github.io/nirvana/v2.0.0/vendors/swiper/swiper-bundle.min.css]
[prium.github.io/nirvana/v2.0.0/assets/css/theme.min.css]
[prium.github.io/nirvana/v2.0.0/assets/css/user.min.css]
[prium.github.io/nirvana/v2.0.0/assets/images/logo-nirvana.png]
[prium.github.io/nirvana/v2.0.0/index-2.html]
[prium.github.io/nirvana/v2.0.0/homes/yt-background-classic.html]
[prium.github.io/nirvana/v2.0.0/homes/slider.html]
[prium.github.io/nirvana/v2.0.0/homes/slider-classic.html]
[prium.github.io/nirvana/v2.0.0/homes/static.html]
[prium.github.io/nirvana/v2.0.0/homes/static-classic.html]
[prium.github.io/nirvana/v2.0.0/homes/video.html]
[prium.github.io/nirvana/v2.0.0/homes/video-classic.html]
[prium.github.io/nirvana/v2.0.0/pages/about.html]
[prium.github.io/nirvana/v2.0.0/pages/spa-&-wellness.html]
[prium.github.io/nirvana/v2.0.0/pages/yoga-&-relax.html]
[prium.github.io/nirvana/v2.0.0/pages/wilderness.html]
[prium.github.io/nirvana/v2.0.0/pages/cuisine.html]
[prium.github.io/nirvana/v2.0.0/pages/venues.html]
[prium.github.io/nirvana/v2.0.0/pages/gallery.html]
[prium.github.io/nirvana/v2.0.0/pages/rtl.html]
[prium.github.io/nirvana/v2.0.0/retreats/backpack.html]
[prium.github.io/nirvana/v2.0.0/retreats/herbal.html]
[prium.github.io/nirvana/v2.0.0/blog/blogs.html]
[prium.github.io/nirvana/v2.0.0/blog/single-blog.html]
[prium.github.io/nirvana/v2.0.0/contact/contact.html]
[prium.github.io/nirvana/v2.0.0/contact/reserve.html]
[prium.github.io/nirvana/v2.0.0/components/background.html]
[prium.github.io/nirvana/v2.0.0/components/buttons.html]
[prium.github.io/nirvana/v2.0.0/components/carousel.html]
[prium.github.io/nirvana/v2.0.0/components/colors.html]
[prium.github.io/nirvana/v2.0.0/components/decorative-helpers.html]
[prium.github.io/nirvana/v2.0.0/components/dropdowns.html]
[prium.github.io/nirvana/v2.0.0/components/fontawesome.html]
[prium.github.io/nirvana/v2.0.0/components/googlemap.html]
[prium.github.io/nirvana/v2.0.0/components/grid.html]
[prium.github.io/nirvana/v2.0.0/components/layout-helpers.html]
[prium.github.io/nirvana/v2.0.0/components/lightbox.html]
[prium.github.io/nirvana/v2.0.0/components/modals.html]
[prium.github.io/nirvana/v2.0.0/components/parallax.html]
[prium.github.io/nirvana/v2.0.0/components/smtpjs.html]
[prium.github.io/nirvana/v2.0.0/components/spacing.html]
[prium.github.io/nirvana/v2.0.0/components/swiper.html]
[prium.github.io/nirvana/v2.0.0/components/typography.html]
[prium.github.io/nirvana/v2.0.0/docs/getting-started.html]
[prium.github.io/nirvana/v2.0.0/docs/file-structure.html]
[prium.github.io/nirvana/v2.0.0/docs/customization.html]
[prium.github.io/nirvana/v2.0.0/docs/gulp.html]
[prium.github.io/nirvana/v2.0.0/docs/rtl.html]
[prium.github.io/nirvana/v2.0.0/docs/plugins.html]
[prium.github.io/nirvana/v2.0.0/docs/changelog.html]
[prium.github.io/nirvana/v2.0.0/assets/images/yt-video-full.jpg]
[prium.github.io/nirvana/v2.0.0/assets/images/retreats-4.jpg]
[prium.github.io/nirvana/v2.0.0/assets/images/retreats-3.jpg]
[prium.github.io/nirvana/v2.0.0/assets/images/retreats-2.jpg]
[prium.github.io/nirvana/v2.0.0/assets/images/retreats-5.png]
[prium.github.io/nirvana/v2.0.0/assets/images/retreats-1.jpg]
[prium.github.io/nirvana/v2.0.0/assets/images/retreats-6.png]
[prium.github.io/nirvana/v2.0.0/assets/images/features-1.jpg]
[prium.github.io/nirvana/v2.0.0/assets/images/features-4.jpg]
[prium.github.io/nirvana/v2.0.0/assets/images/features-5.jpg]
[prium.github.io/nirvana/v2.0.0/assets/images/features-6.jpg]
[prium.github.io/nirvana/v2.0.0/assets/images/features-2.jpg]
[prium.github.io/nirvana/v2.0.0/assets/images/features-7.jpg]
[prium.github.io/nirvana/v2.0.0/assets/images/features-8.jpg]
[prium.github.io/nirvana/v2.0.0/assets/images/features-9.jpg]
[prium.github.io/nirvana/v2.0.0/assets/images/cta.jpg]
[prium.github.io/nirvana/v2.0.0/assets/images/fitness-1.jpg]
[prium.github.io/nirvana/v2.0.0/assets/images/fitness-2.jpg]
[prium.github.io/nirvana/v2.0.0/assets/images/fitness-3.jpg]
[prium.github.io/nirvana/v2.0.0/assets/images/logo/111.jpg]
[prium.github.io/nirvana/v2.0.0/assets/images/logo/1111.jpg]
[prium.github.io/nirvana/v2.0.0/assets/images/logo/333.jpg]
[prium.github.io/nirvana/v2.0.0/assets/images/logo/2222.jpg]
[prium.github.io/nirvana/v2.0.0/assets/images/logo/555.jpg]
[prium.github.io/nirvana/v2.0.0/assets/images/logo/3333.jpg]
[prium.github.io/nirvana/v2.0.0/assets/images/logo/777.jpg]
[prium.github.io/nirvana/v2.0.0/assets/images/logo/4444.jpg]
[prium.github.io/nirvana/v2.0.0/assets/images/logo-nirvana-white.png]
[prium.github.io/nirvana/v2.0.0/vendors/popper/popper.min.js]
[prium.github.io/nirvana/v2.0.0/vendors/bootstrap/bootstrap.min.js]
[prium.github.io/nirvana/v2.0.0/vendors/is/is.min.js]
[prium.github.io/nirvana/v2.0.0/vendors/swiper/swiper-bundle.min.js]
[prium.github.io/nirvana/v2.0.0/vendors/rellax/rellax.js]
[prium.github.io/nirvana/v2.0.0/vendors/fontawesome/all.min.js]
[prium.github.io/nirvana/v2.0.0/vendors/lodash/lodash.min.js]
[prium.github.io/nirvana/v2.0.0/vendors/imagesloaded/imagesloaded.pkgd.js]
[prium.github.io/nirvana/v2.0.0/vendors/gsap/gsap.js]
[prium.github.io/nirvana/v2.0.0/vendors/gsap/customEase.js]
[prium.github.io/nirvana/v2.0.0/vendors/gsap/drawSVGPlugin.js]
[prium.github.io/nirvana/v2.0.0/assets/js/theme.js]
[prium.github.io/nirvana/v2.0.0/index.html]
[prium.github.io/nirvana/v2.0.0/assets/images/favicons/apple-touch-icon.html]
[prium.github.io/nirvana/v2.0.0/assets/images/favicons/favicon-32x32.html]
[prium.github.io/nirvana/v2.0.0/assets/images/favicons/favicon-16x16.html]
[prium.github.io/nirvana/v2.0.0/assets/images/favicons/mstile-150x150.html]
[prium.github.io/nirvana/v2.0.0/vendors/loaders.css/loaders.min.css]
[prium.github.io/nirvana/v2.0.0/vendors/hamburgers/hamburgers.css]
[prium.github.io/nirvana/v2.0.0/vendors/swiper/swiper-bundle.min.css]
[prium.github.io/nirvana/v2.0.0/assets/css/theme.min.css]
[prium.github.io/nirvana/v2.0.0/assets/css/user.min.css]
[prium.github.io/nirvana/v2.0.0/index-2.html]
[prium.github.io/nirvana/v2.0.0/assets/images/yt-video.jpg]
[prium.github.io/nirvana/v2.0.0/homes/yt-background-classic.html]
[prium.github.io/nirvana/v2.0.0/assets/images/slider-header-1.jpg]
[prium.github.io/nirvana/v2.0.0/assets/images/slider-header-2.jpg]
[prium.github.io/nirvana/v2.0.0/assets/images/slider-header-3.jpg]
[prium.github.io/nirvana/v2.0.0/homes/slider.html]
[prium.github.io/nirvana/v2.0.0/homes/slider-classic.html]
[prium.github.io/nirvana/v2.0.0/assets/images/header-temp.jpg]
[prium.github.io/nirvana/v2.0.0/homes/static.html]
[prium.github.io/nirvana/v2.0.0/homes/static-classic.html]
[prium.github.io/nirvana/v2.0.0/assets/images/video.jpg]
[prium.github.io/nirvana/v2.0.0/assets/videos/video.mp4]
[prium.github.io/nirvana/v2.0.0/homes/video.html]
[prium.github.io/nirvana/v2.0.0/homes/video-classic.html]
[prium.github.io/nirvana/v2.0.0/assets/images/about-header.jpg]
[prium.github.io/nirvana/v2.0.0/assets/images/slider-1.jpg]
[prium.github.io/nirvana/v2.0.0/assets/images/slider-2.jpg]
[prium.github.io/nirvana/v2.0.0/assets/images/slider-3.jpg]
[prium.github.io/nirvana/v2.0.0/assets/images/slider-4.jpg]
[prium.github.io/nirvana/v2.0.0/assets/images/slider-5.jpg]
[prium.github.io/nirvana/v2.0.0/assets/images/slider-6.jpg]
[prium.github.io/nirvana/v2.0.0/assets/images/slider-7.jpg]
[prium.github.io/nirvana/v2.0.0/assets/images/slider-8.jpg]
[prium.github.io/nirvana/v2.0.0/assets/images/slider-9.jpg]
[prium.github.io/nirvana/v2.0.0/assets/images/slider-10.jpg]
[prium.github.io/nirvana/v2.0.0/pages/about.html]
[prium.github.io/nirvana/v2.0.0/assets/images/spa-header.jpg]
[prium.github.io/nirvana/v2.0.0/assets/images/01.jpg]
[prium.github.io/nirvana/v2.0.0/assets/images/02.jpg]
[prium.github.io/nirvana/v2.0.0/assets/images/03.jpg]
[prium.github.io/nirvana/v2.0.0/assets/images/04.jpg]
[prium.github.io/nirvana/v2.0.0/assets/images/05.jpg]
[prium.github.io/nirvana/v2.0.0/assets/images/06.jpg]
[prium.github.io/nirvana/v2.0.0/assets/images/07.jpg]
[prium.github.io/nirvana/v2.0.0/assets/images/08.jpg]
[prium.github.io/nirvana/v2.0.0/pages/spa-&-wellness.html]
[prium.github.io/nirvana/v2.0.0/assets/images/yoga-header.jpg]
[prium.github.io/nirvana/v2.0.0/assets/images/yoga-1.jpg]
[prium.github.io/nirvana/v2.0.0/assets/images/yoga-2.jpg]
[prium.github.io/nirvana/v2.0.0/assets/images/yoga-5.jpg]
[prium.github.io/nirvana/v2.0.0/assets/images/yoga-3.jpg]
[prium.github.io/nirvana/v2.0.0/assets/images/yoga-4.jpg]
[prium.github.io/nirvana/v2.0.0/pages/yoga-&-relax.html]
[prium.github.io/nirvana/v2.0.0/assets/images/wilderness-header.jpg]
[prium.github.io/nirvana/v2.0.0/assets/images/13.jpg]
[prium.github.io/nirvana/v2.0.0/assets/images/14.jpg]
[prium.github.io/nirvana/v2.0.0/assets/images/15.jpg]
[prium.github.io/nirvana/v2.0.0/assets/images/16.jpg]
[prium.github.io/nirvana/v2.0.0/assets/images/1.png]
[prium.github.io/nirvana/v2.0.0/assets/images/3.png]
[prium.github.io/nirvana/v2.0.0/assets/images/4.png]
[prium.github.io/nirvana/v2.0.0/assets/images/9.png]
[prium.github.io/nirvana/v2.0.0/assets/images/10.png]
[prium.github.io/nirvana/v2.0.0/assets/images/11.png]
[prium.github.io/nirvana/v2.0.0/assets/images/6.png]
[prium.github.io/nirvana/v2.0.0/assets/images/7.png]
[prium.github.io/nirvana/v2.0.0/assets/images/8.png]
[prium.github.io/nirvana/v2.0.0/assets/images/12.png]
[prium.github.io/nirvana/v2.0.0/vendors/bigpicture/BigPicture.js]
[prium.github.io/nirvana/v2.0.0/vendors/isotope-layout/isotope.pkgd.min.js]
[prium.github.io/nirvana/v2.0.0/vendors/isotope-packery/packery-mode.pkgd.min.js]
[prium.github.io/nirvana/v2.0.0/pages/wilderness.html]
[prium.github.io/nirvana/v2.0.0/assets/images/cuisine-header.jpg]
[prium.github.io/nirvana/v2.0.0/assets/images/gallery-2.jpg]
[prium.github.io/nirvana/v2.0.0/assets/images/gallery-3.jpg]
[prium.github.io/nirvana/v2.0.0/assets/images/gallery-4.jpg]
[prium.github.io/nirvana/v2.0.0/assets/images/gallery-5.jpg]
[prium.github.io/nirvana/v2.0.0/assets/images/gallery-1.jpg]
[prium.github.io/nirvana/v2.0.0/assets/images/gallery-7.jpg]
[prium.github.io/nirvana/v2.0.0/assets/images/gallery-8.jpg]
[prium.github.io/nirvana/v2.0.0/assets/images/gallery-9.jpg]
[prium.github.io/nirvana/v2.0.0/assets/images/gallery-10.jpg]
[prium.github.io/nirvana/v2.0.0/assets/images/gallery-6.jpg]
[prium.github.io/nirvana/v2.0.0/pages/cuisine.html]
[prium.github.io/nirvana/v2.0.0/assets/images/venue-header.jpg]
[prium.github.io/nirvana/v2.0.0/pages/venues.html]
[prium.github.io/nirvana/v2.0.0/assets/images/yoga-7.jpg]
[prium.github.io/nirvana/v2.0.0/assets/images/yoga-10.jpg]
[prium.github.io/nirvana/v2.0.0/assets/images/yoga-6.jpg]
[prium.github.io/nirvana/v2.0.0/assets/images/yoga-8.jpg]
[prium.github.io/nirvana/v2.0.0/assets/images/yoga-9.jpg]
[prium.github.io/nirvana/v2.0.0/pages/gallery.html]
[prium.github.io/nirvana/v2.0.0/assets/css/theme-rtl.min.css]
[prium.github.io/nirvana/v2.0.0/assets/css/user-rtl.min.css]
[prium.github.io/nirvana/v2.0.0/pages/rtl.html]
[prium.github.io/nirvana/v2.0.0/vendors/plyr/plyr.css]
[prium.github.io/nirvana/v2.0.0/assets/images/backpack-header.jpg]
[prium.github.io/nirvana/v2.0.0/retreats/backpack.html]
[prium.github.io/nirvana/v2.0.0/vendors/plyr/plyr.polyfilled.min.js]
[prium.github.io/nirvana/v2.0.0/assets/images/herbal-header.jpg]
[prium.github.io/nirvana/v2.0.0/assets/images/herbal-1.jpg]
[prium.github.io/nirvana/v2.0.0/assets/images/herbal-2.jpg]
[prium.github.io/nirvana/v2.0.0/assets/images/herbal-3.jpg]
[prium.github.io/nirvana/v2.0.0/retreats/herbal.html]
[prium.github.io/nirvana/v2.0.0/assets/images/blog-header.jpg]
[prium.github.io/nirvana/v2.0.0/assets/images/blog-1.jpg]
[prium.github.io/nirvana/v2.0.0/assets/images/blog-2.jpg]
[prium.github.io/nirvana/v2.0.0/blog/blogs.html]
[prium.github.io/nirvana/v2.0.0/assets/images/1.jpg]
[prium.github.io/nirvana/v2.0.0/assets/images/2.jpg]
[prium.github.io/nirvana/v2.0.0/assets/images/3.jpg]
[prium.github.io/nirvana/v2.0.0/assets/images/4.jpg]
[prium.github.io/nirvana/v2.0.0/assets/images/5.jpg]
[prium.github.io/nirvana/v2.0.0/assets/images/6.jpg]
[prium.github.io/nirvana/v2.0.0/blog/single-blog.html]
[prium.github.io/nirvana/v2.0.0/assets/images/contact-header.jpg]
[prium.github.io/nirvana/v2.0.0/contact/contact.html]
[prium.github.io/nirvana/v2.0.0/assets/images/reserve-header.jpg]
[prium.github.io/nirvana/v2.0.0/contact/reserve.html]
[prium.github.io/nirvana/v2.0.0/vendors/prism/prism.css]
[prium.github.io/nirvana/v2.0.0/assets/images/component-header.jpg]
[prium.github.io/nirvana/v2.0.0/assets/videos/video.webm]
[img.youtube.com/vi/teLhLLlhfzc/maxresdefault.jpg]
[prium.github.io/nirvana/v2.0.0/components/background.html]
[prium.github.io/nirvana/v2.0.0/assets/images/icon-play.svg]
[prium.github.io/nirvana/v2.0.0/assets/images/icon-play-o.svg]
[prium.github.io/nirvana/v2.0.0/components/buttons.html]
[prium.github.io/nirvana/v2.0.0/components/carousel.html]
[prium.github.io/nirvana/v2.0.0/components/colors.html]
[prium.github.io/nirvana/v2.0.0/components/decorative-helpers.html]
[prium.github.io/nirvana/v2.0.0/components/dropdowns.html]
[prium.github.io/nirvana/v2.0.0/vendors/prism/prism.js]
[prium.github.io/nirvana/v2.0.0/components/fontawesome.html]
[prium.github.io/nirvana/v2.0.0/components/googlemap.html]
[prium.github.io/nirvana/v2.0.0/components/grid.html]
[prium.github.io/nirvana/v2.0.0/components/layout-helpers.html]
[prium.github.io/nirvana/v2.0.0/components/lightbox.html]
[prium.github.io/nirvana/v2.0.0/components/modals.html]
[prium.github.io/nirvana/v2.0.0/components/parallax.html]
[prium.github.io/nirvana/v2.0.0/components/smtpjs.html]
[prium.github.io/nirvana/v2.0.0/components/spacing.html]
[prium.github.io/nirvana/v2.0.0/components/swiper.html]
[prium.github.io/nirvana/v2.0.0/components/typography.html]
[prium.github.io/nirvana/v2.0.0/docs/getting-started.html]
[prium.github.io/nirvana/v2.0.0/docs/file-structure.html]
[prium.github.io/nirvana/v2.0.0/docs/customization.html]
[prium.github.io/nirvana/v2.0.0/docs/gulp.html]
[prium.github.io/nirvana/v2.0.0/docs/rtl.html]
[prium.github.io/nirvana/v2.0.0/components/maps.html]
[prium.github.io/nirvana/v2.0.0/docs/plugins.html]
[prium.github.io/nirvana/v2.0.0/docs/changelog.html]
[prium.github.io/nirvana/v2.0.0/assets/css/theme-rtl.min.css]
[prium.github.io/nirvana/v2.0.0/assets/css/user-rtl.min.css]
[prium.github.io/nirvana/v2.0.0/vendors/plyr/plyr.css]
[prium.github.io/nirvana/v2.0.0/vendors/prism/prism.css]
[prium.github.io/nirvana/v2.0.0/assets/videos/video.html]
[prium.github.io/nirvana/v2.0.0/assets/images/icon-play.svg]
[prium.github.io/nirvana/v2.0.0/assets/images/icon-play-o.svg]
[prium.github.io/nirvana/v2.0.0/components/maps.html]
[smtpjs.com/v3/smtp.js]
